// Jest Snapshot v1, https://goo.gl/fbAQLP

exports[`PageHeading Component Unit Test Snapshot Testing 1`] = `
<DocumentFragment>
  <h2
    class="sc-bdnxRM pbnCN secondary-heading"
  >
    This is  Page.
  </h2>
</DocumentFragment>
`;
