// Jest Snapshot v1, https://goo.gl/fbAQLP

exports[`Footer Component Unit Test Snapshot Testing 1`] = `
<DocumentFragment>
  <footer
    class="sc-bdvvtL kzoPkL"
  >
    <a
      class="link-letter"
      href="http://kojiyamauchi.com"
      rel="noreferrer"
      target="_blank"
    >
      Â© 2021 All The Small Things, All Rights Reserved.
    </a>
  </footer>
</DocumentFragment>
`;
