// Jest Snapshot v1, https://goo.gl/fbAQLP

exports[`Fixed Layout Component Unit Test Snapshot Testing 1`] = `
<DocumentFragment>
  <div
    class="sc-eCApnc gQSlmJ ui-test layout fixed-layout"
  >
    <header
      class="sc-dlnjwi eseKde"
    >
      <h1
        class="sc-bdnxRM kSZPnN primary-heading"
      >
        React Simple Starter
      </h1>
      <ul
        class="sc-gtsrHT bQjmdZ"
      >
        <li>
          <a
            class="link-letter"
            href="/react-simple-starter/"
          >
            Primary Page
          </a>
        </li>
        <li>
          <a
            class="link-letter"
            href="/react-simple-starter/second"
          >
            Secondary Page
          </a>
        </li>
        <li>
          <a
            class="link-letter"
            href="/react-simple-starter/third"
          >
            Third Page
          </a>
        </li>
        <li>
          <a
            class="link-letter"
            href="/react-simple-starter/fourth"
          >
            Fourth Page
          </a>
        </li>
      </ul>
    </header>
    <main
      class="main-content"
    />
    <footer
      class="sc-hKFxyN cPdexJ"
    >
      <a
        class="link-letter"
        href="http://kojiyamauchi.com"
        rel="noreferrer"
        target="_blank"
      >
        Â© 2021 All The Small Things, All Rights Reserved.
      </a>
    </footer>
  </div>
</DocumentFragment>
`;
