// Jest Snapshot v1, https://goo.gl/fbAQLP

exports[`Fluid Layout Component Unit Test Snap Shot Testing 1`] = `
<DocumentFragment>
  <div
    class="sc-bdvvtL jqkawm ui-test layout fluid-layout"
  >
    <main
      class="main-content"
    />
  </div>
</DocumentFragment>
`;
